src/features/admin/components/DisciplinaModal.tsx(5,7): error TS6133: 'getSafeUrl' is declared but its value is never read.
src/features/admin/data/mockData.ts(25,9): error TS2322: Type '"vencido"' is not assignable to type '"al d├¡a" | "pr├│ximo a vencer" | "pendiente" | "inactivo"'.
src/features/admin/data/mockData.ts(49,9): error TS2322: Type '"vencido"' is not assignable to type '"al d├¡a" | "pr├│ximo a vencer" | "pendiente" | "inactivo"'.
src/features/admin/data/mockData.ts(105,5): error TS2741: Property 'img_preview' is missing in type '{ id_disciplina: number; nombre_disciplina: string; descripcion: string; img_banner: string; cuota: number; }' but required in type 'Disciplina'.
src/features/admin/data/mockData.ts(112,5): error TS2741: Property 'img_preview' is missing in type '{ id_disciplina: number; nombre_disciplina: string; descripcion: string; img_banner: string; cuota: number; }' but required in type 'Disciplina'.
src/features/admin/data/mockData.ts(119,5): error TS2741: Property 'img_preview' is missing in type '{ id_disciplina: number; nombre_disciplina: string; descripcion: string; img_banner: string; cuota: number; }' but required in type 'Disciplina'.
